
> blueprint-web@0.1.0 dev
> next dev

node.exe : ΓÜá Port 
3000 is in use by 
process 163876, 
using available port 
3001 instead.
At line:1 char:1
+ & "C:\Program Files
\nodejs/node.exe" 
"C:\Program 
Files\nodejs/node_mo 
...
+ ~~~~~~~~~~~~~~~~~~~
~~~~~~~~~~~~~~~~~~~~~
~~~~~~~~~~~~~~~~~~~~~
~~~~~~~~
    + CategoryInfo   
           : NotSpe  
  cified: (ΓÜá Por   
 t 3000 i...t 300    
1 instead.:Strin    
g) [], RemoteExc    
eption
    + FullyQualified 
   ErrorId : Native  
  CommandError
 
Γû▓ Next.js 16.1.0 (Turbopack)
- Local:         http://localhost:3001
- Network:       http://192.168.100.232:3001
- Environments: .env.local

Γ£ô Starting...
Γ¿» Unable to 
acquire lock at C:\Us
ers\Sayed\Downloads\B
lueprint\blueprint-we
b\.next\dev\lock, is 
another instance of 
next dev running?
  Suggestion: If you intended to restart next dev, terminate the other process, and then try again.
[?25h
